// Jest Snapshot v1, https://goo.gl/fbAQLP

exports[`matches snapshot of add an gene calculator 1`] = `
<div
  className="MuiPaper-root MuiTableContainer-root MuiPaper-elevation1 MuiPaper-rounded"
>
  <table
    aria-label="simple table"
    className="MuiTable-root makeStyles-table-1"
    role={null}
  >
    <thead
      className="MuiTableHead-root"
      role={null}
    >
      <tr
        className="MuiTableRow-root MuiTableRow-head"
        role={null}
      >
        <th
          aria-sort={null}
          className="MuiTableCell-root MuiTableCell-head"
          scope="col"
        >
          Types
        </th>
        <th
          aria-sort={null}
          className="MuiTableCell-root MuiTableCell-head MuiTableCell-alignCenter"
          scope="col"
        >
          Sire Genetic Results
        </th>
        <th
          aria-sort={null}
          className="MuiTableCell-root MuiTableCell-head MuiTableCell-alignCenter"
          scope="col"
        >
          Dam Genetic Results
        </th>
      </tr>
    </thead>
    <tbody
      className="MuiTableBody-root"
      role={null}
    >
      <tr
        className="MuiTableRow-root"
        role={null}
      >
        <th
          aria-sort={null}
          className="MuiTableCell-root MuiTableCell-body"
          role="cell"
          scope="row"
        >
          Blood Type
        </th>
        <td
          aria-sort={null}
          className="MuiTableCell-root MuiTableCell-body MuiTableCell-alignCenter"
        >
          <select
            className="custom-select"
            onChange={[Function]}
            value="N/N"
          >
            <option
              value="N/N"
            >
              N/N
            </option>
            <option
              value="N/c"
            >
              N/c
            </option>
            <option
              value="N/b"
            >
              N/b
            </option>
            <option
              value="b/b"
            >
              b/b
            </option>
            <option
              value="c/b"
            >
              c/b
            </option>
            <option
              value="c/c"
            >
              c/c
            </option>
          </select>
          <p>
            You selected 
            N/N
          </p>
        </td>
        <td
          aria-sort={null}
          className="MuiTableCell-root MuiTableCell-body MuiTableCell-alignCenter"
        >
          <select
            className="custom-select"
            onChange={[Function]}
            value="N/N"
          >
            <option
              value="N/N"
            >
              N/N
            </option>
            <option
              value="N/c"
            >
              N/c
            </option>
            <option
              value="N/b"
            >
              N/b
            </option>
            <option
              value="b/b"
            >
              b/b
            </option>
            <option
              value="c/b"
            >
              c/b
            </option>
            <option
              value="c/c"
            >
              c/c
            </option>
          </select>
          <p>
            You selected 
            N/N
          </p>
        </td>
      </tr>
      <tr
        className="MuiTableRow-root"
        role={null}
      >
        <th
          aria-sort={null}
          className="MuiTableCell-root MuiTableCell-body"
          role="cell"
          scope="row"
        >
          PDK1
        </th>
        <td
          aria-sort={null}
          className="MuiTableCell-root MuiTableCell-body MuiTableCell-alignCenter"
        >
          <select
            className="custom-select"
            onChange={[Function]}
            value="N/N"
          >
            <option
              value="N/N"
            >
              N/N
            </option>
            <option
              value="N/P"
            >
              N/P
            </option>
            <option
              value="P/P"
            >
              P/P
            </option>
          </select>
          <p>
            You selected 
            N/N
          </p>
        </td>
        <td
          aria-sort={null}
          className="MuiTableCell-root MuiTableCell-body MuiTableCell-alignCenter"
        >
          <select
            className="custom-select"
            onChange={[Function]}
            value="N/N"
          >
            <option
              value="N/N"
            >
              N/N
            </option>
            <option
              value="N/P"
            >
              N/P
            </option>
            <option
              value="P/P"
            >
              P/P
            </option>
          </select>
          <p>
            You selected 
            N/N
          </p>
        </td>
      </tr>
      <tr
        className="MuiTableRow-root"
        role={null}
      >
        <th
          aria-sort={null}
          className="MuiTableCell-root MuiTableCell-body"
          role="cell"
          scope="row"
        >
          HCM
        </th>
        <td
          aria-sort={null}
          className="MuiTableCell-root MuiTableCell-body MuiTableCell-alignCenter"
        >
          <select
            className="custom-select"
            onChange={[Function]}
            value="N/N"
          >
            <option
              value="N/N"
            >
              N/N
            </option>
            <option
              value="N/HCMrd"
            >
              N/HCMrd
            </option>
            <option
              value="HCMrd/HCMrd"
            >
              HCMrdP/HCMrd
            </option>
          </select>
          <p>
            You selected 
            N/N
          </p>
        </td>
        <td
          aria-sort={null}
          className="MuiTableCell-root MuiTableCell-body MuiTableCell-alignCenter"
        >
          <select
            className="custom-select"
            onChange={[Function]}
            value="N/N"
          >
            <option
              value="N/N"
            >
              N/N
            </option>
            <option
              value="N/HCMrd"
            >
              N/HCMrd
            </option>
            <option
              value="HCMrd/HCMrd"
            >
              HCMrdP/HCMrd
            </option>
          </select>
          <p>
            You selected 
            N/N
          </p>
        </td>
      </tr>
      <tr
        className="MuiTableRow-root"
        role={null}
      >
        <th
          aria-sort={null}
          className="MuiTableCell-root MuiTableCell-body"
          role="cell"
          scope="row"
        >
          <button
            className="ui sm button"
            data-testid="calBtn"
            onClick={[Function]}
            style={
              Object {
                "marginLeft": "auto",
              }
            }
          >
            <i
              aria-hidden="true"
              className="signup icon"
              onClick={[Function]}
            />
            Calculate
          </button>
        </th>
      </tr>
    </tbody>
  </table>
  <h1>
    Result: 
  </h1>
  <h3>
    
  </h3>
</div>
`;

exports[`matches snapshot of the gene calculator 1`] = `
<div
  className="MuiPaper-root MuiTableContainer-root MuiPaper-elevation1 MuiPaper-rounded"
>
  <table
    aria-label="simple table"
    className="MuiTable-root makeStyles-table-1"
    role={null}
  >
    <thead
      className="MuiTableHead-root"
      role={null}
    >
      <tr
        className="MuiTableRow-root MuiTableRow-head"
        role={null}
      >
        <th
          aria-sort={null}
          className="MuiTableCell-root MuiTableCell-head"
          scope="col"
        >
          Types
        </th>
        <th
          aria-sort={null}
          className="MuiTableCell-root MuiTableCell-head MuiTableCell-alignCenter"
          scope="col"
        >
          Sire Genetic Results
        </th>
        <th
          aria-sort={null}
          className="MuiTableCell-root MuiTableCell-head MuiTableCell-alignCenter"
          scope="col"
        >
          Dam Genetic Results
        </th>
      </tr>
    </thead>
    <tbody
      className="MuiTableBody-root"
      role={null}
    >
      <tr
        className="MuiTableRow-root"
        role={null}
      >
        <th
          aria-sort={null}
          className="MuiTableCell-root MuiTableCell-body"
          role="cell"
          scope="row"
        >
          Blood Type
        </th>
        <td
          aria-sort={null}
          className="MuiTableCell-root MuiTableCell-body MuiTableCell-alignCenter"
        >
          <select
            className="custom-select"
            onChange={[Function]}
            value="N/N"
          >
            <option
              value="N/N"
            >
              N/N
            </option>
            <option
              value="N/c"
            >
              N/c
            </option>
            <option
              value="N/b"
            >
              N/b
            </option>
            <option
              value="b/b"
            >
              b/b
            </option>
            <option
              value="c/b"
            >
              c/b
            </option>
            <option
              value="c/c"
            >
              c/c
            </option>
          </select>
          <p>
            You selected 
            N/N
          </p>
        </td>
        <td
          aria-sort={null}
          className="MuiTableCell-root MuiTableCell-body MuiTableCell-alignCenter"
        >
          <select
            className="custom-select"
            onChange={[Function]}
            value="N/N"
          >
            <option
              value="N/N"
            >
              N/N
            </option>
            <option
              value="N/c"
            >
              N/c
            </option>
            <option
              value="N/b"
            >
              N/b
            </option>
            <option
              value="b/b"
            >
              b/b
            </option>
            <option
              value="c/b"
            >
              c/b
            </option>
            <option
              value="c/c"
            >
              c/c
            </option>
          </select>
          <p>
            You selected 
            N/N
          </p>
        </td>
      </tr>
      <tr
        className="MuiTableRow-root"
        role={null}
      >
        <th
          aria-sort={null}
          className="MuiTableCell-root MuiTableCell-body"
          role="cell"
          scope="row"
        >
          PDK1
        </th>
        <td
          aria-sort={null}
          className="MuiTableCell-root MuiTableCell-body MuiTableCell-alignCenter"
        >
          <select
            className="custom-select"
            onChange={[Function]}
            value="N/N"
          >
            <option
              value="N/N"
            >
              N/N
            </option>
            <option
              value="N/P"
            >
              N/P
            </option>
            <option
              value="P/P"
            >
              P/P
            </option>
          </select>
          <p>
            You selected 
            N/N
          </p>
        </td>
        <td
          aria-sort={null}
          className="MuiTableCell-root MuiTableCell-body MuiTableCell-alignCenter"
        >
          <select
            className="custom-select"
            onChange={[Function]}
            value="N/N"
          >
            <option
              value="N/N"
            >
              N/N
            </option>
            <option
              value="N/P"
            >
              N/P
            </option>
            <option
              value="P/P"
            >
              P/P
            </option>
          </select>
          <p>
            You selected 
            N/N
          </p>
        </td>
      </tr>
      <tr
        className="MuiTableRow-root"
        role={null}
      >
        <th
          aria-sort={null}
          className="MuiTableCell-root MuiTableCell-body"
          role="cell"
          scope="row"
        >
          HCM
        </th>
        <td
          aria-sort={null}
          className="MuiTableCell-root MuiTableCell-body MuiTableCell-alignCenter"
        >
          <select
            className="custom-select"
            onChange={[Function]}
            value="N/N"
          >
            <option
              value="N/N"
            >
              N/N
            </option>
            <option
              value="N/HCMrd"
            >
              N/HCMrd
            </option>
            <option
              value="HCMrd/HCMrd"
            >
              HCMrdP/HCMrd
            </option>
          </select>
          <p>
            You selected 
            N/N
          </p>
        </td>
        <td
          aria-sort={null}
          className="MuiTableCell-root MuiTableCell-body MuiTableCell-alignCenter"
        >
          <select
            className="custom-select"
            onChange={[Function]}
            value="N/N"
          >
            <option
              value="N/N"
            >
              N/N
            </option>
            <option
              value="N/HCMrd"
            >
              N/HCMrd
            </option>
            <option
              value="HCMrd/HCMrd"
            >
              HCMrdP/HCMrd
            </option>
          </select>
          <p>
            You selected 
            N/N
          </p>
        </td>
      </tr>
      <tr
        className="MuiTableRow-root"
        role={null}
      >
        <th
          aria-sort={null}
          className="MuiTableCell-root MuiTableCell-body"
          role="cell"
          scope="row"
        >
          <button
            className="ui sm button"
            data-testid="calBtn"
            onClick={[Function]}
            style={
              Object {
                "marginLeft": "auto",
              }
            }
          >
            <i
              aria-hidden="true"
              className="signup icon"
              onClick={[Function]}
            />
            Calculate
          </button>
        </th>
      </tr>
    </tbody>
  </table>
  <h1>
    Result: 
  </h1>
  <h3>
    
  </h3>
</div>
`;
